c:\users\admin\source\repos\!gamedev\sdlpop\src\objs\libpng-uwp\x64\debug\pngerror.obj
c:\users\admin\source\repos\!gamedev\sdlpop\src\objs\libpng-uwp\x64\debug\pngmem.obj
c:\users\admin\source\repos\!gamedev\sdlpop\src\objs\libpng-uwp\x64\debug\pngread.obj
c:\users\admin\source\repos\!gamedev\sdlpop\src\objs\libpng-uwp\x64\debug\pngrtran.obj
c:\users\admin\source\repos\!gamedev\sdlpop\src\objs\libpng-uwp\x64\debug\pngset.obj
c:\users\admin\source\repos\!gamedev\sdlpop\src\objs\libpng-uwp\x64\debug\pngtrans.obj
c:\users\admin\source\repos\!gamedev\sdlpop\src\objs\libpng-uwp\x64\debug\pngwrite.obj
c:\users\admin\source\repos\!gamedev\sdlpop\src\objs\libpng-uwp\x64\debug\pngwutil.obj
c:\users\admin\source\repos\!gamedev\sdlpop\src\objs\libpng-uwp\x64\debug\png.obj
c:\users\admin\source\repos\!gamedev\sdlpop\src\objs\libpng-uwp\x64\debug\pngget.obj
c:\users\admin\source\repos\!gamedev\sdlpop\src\objs\libpng-uwp\x64\debug\pngpread.obj
c:\users\admin\source\repos\!gamedev\sdlpop\src\objs\libpng-uwp\x64\debug\pngrio.obj
c:\users\admin\source\repos\!gamedev\sdlpop\src\objs\libpng-uwp\x64\debug\pngrutil.obj
c:\users\admin\source\repos\!gamedev\sdlpop\src\objs\libpng-uwp\x64\debug\pngtest.obj
c:\users\admin\source\repos\!gamedev\sdlpop\src\objs\libpng-uwp\x64\debug\pngwio.obj
c:\users\admin\source\repos\!gamedev\sdlpop\src\objs\libpng-uwp\x64\debug\pngwtran.obj
c:\users\admin\source\repos\!gamedev\sdlpop\src\output\libpng-uwp\x64\debug\libpng-uwp\libpng.pdb
c:\users\admin\source\repos\!gamedev\sdlpop\src\output\libpng-uwp\x64\debug\libpng-uwp\libpng.lib
c:\users\admin\source\repos\!gamedev\sdlpop\src\objs\libpng-uwp\x64\debug\priconfig.xml
c:\users\admin\source\repos\!gamedev\sdlpop\src\objs\libpng-uwp\x64\debug\priconfig.xml.intermediate
c:\users\admin\source\repos\!gamedev\sdlpop\src\objs\libpng-uwp\x64\debug\unfiltered.layout.resfiles
c:\users\admin\source\repos\!gamedev\sdlpop\src\objs\libpng-uwp\x64\debug\unfiltered.layout.resfiles.intermediate
c:\users\admin\source\repos\!gamedev\sdlpop\src\objs\libpng-uwp\x64\debug\filtered.layout.resfiles
c:\users\admin\source\repos\!gamedev\sdlpop\src\objs\libpng-uwp\x64\debug\filtered.layout.resfiles.intermediate
c:\users\admin\source\repos\!gamedev\sdlpop\src\objs\libpng-uwp\x64\debug\excluded.layout.resfiles
c:\users\admin\source\repos\!gamedev\sdlpop\src\objs\libpng-uwp\x64\debug\excluded.layout.resfiles.intermediate
c:\users\admin\source\repos\!gamedev\sdlpop\src\objs\libpng-uwp\x64\debug\resources.resfiles
c:\users\admin\source\repos\!gamedev\sdlpop\src\objs\libpng-uwp\x64\debug\resources.resfiles.intermediate
c:\users\admin\source\repos\!gamedev\sdlpop\src\objs\libpng-uwp\x64\debug\pri.resfiles
c:\users\admin\source\repos\!gamedev\sdlpop\src\objs\libpng-uwp\x64\debug\pri.resfiles.intermediate
c:\users\admin\source\repos\!gamedev\sdlpop\src\output\libpng-uwp\x64\debug\libpng-uwp\libpng_uwp.pri
c:\users\admin\source\repos\!gamedev\sdlpop\src\objs\libpng-uwp\x64\debug\qualifiers.txt
c:\users\admin\source\repos\!gamedev\sdlpop\src\objs\libpng-uwp\x64\debug\qualifiers.txt.intermediate
c:\users\admin\source\repos\!gamedev\sdlpop\src\objs\libpng-uwp\x64\debug\multiplequalifiersperdimensionfound.txt
c:\users\admin\source\repos\!gamedev\sdlpop\src\objs\libpng-uwp\x64\debug\libpng-uwp.vcxproj.filelistabsolute.txt
c:\users\admin\source\repos\!gamedev\sdlpop\src\objs\libpng-uwp\x64\debug\libpng-uwp.tlog\cl.6048.write.1.tlog
c:\users\admin\source\repos\!gamedev\sdlpop\src\objs\libpng-uwp\x64\debug\libpng-uwp.tlog\cl.command.1.tlog
c:\users\admin\source\repos\!gamedev\sdlpop\src\objs\libpng-uwp\x64\debug\libpng-uwp.tlog\cl.items.tlog
c:\users\admin\source\repos\!gamedev\sdlpop\src\objs\libpng-uwp\x64\debug\libpng-uwp.tlog\cl.read.1.tlog
c:\users\admin\source\repos\!gamedev\sdlpop\src\objs\libpng-uwp\x64\debug\libpng-uwp.tlog\lib-link.read.1.tlog
c:\users\admin\source\repos\!gamedev\sdlpop\src\objs\libpng-uwp\x64\debug\libpng-uwp.tlog\lib-link.write.1.tlog
c:\users\admin\source\repos\!gamedev\sdlpop\src\objs\libpng-uwp\x64\debug\libpng-uwp.tlog\lib.command.1.tlog
c:\users\admin\source\repos\!gamedev\sdlpop\src\objs\libpng-uwp\x64\debug\libpng-uwp.tlog\libpng-uwp.read.1u.tlog
c:\users\admin\source\repos\!gamedev\sdlpop\src\objs\libpng-uwp\x64\debug\libpng-uwp.tlog\libpng-uwp.write.1u.tlog
