c:\users\admin\source\repos\!gamedev\sdlpop\src\sdl2\x64\debug\sdl_winrtapp_common.obj
c:\users\admin\source\repos\!gamedev\sdlpop\src\sdl2\x64\debug\sdl_winrtapp_direct3d.obj
c:\users\admin\source\repos\!gamedev\sdlpop\src\sdl2\x64\debug\sdl_winrtapp_xaml.obj
c:\users\admin\source\repos\!gamedev\sdlpop\src\sdl2\x64\debug\sdl_render_winrt.obj
c:\users\admin\source\repos\!gamedev\sdlpop\src\sdl2\x64\debug\sdl_winrtkeyboard.obj
c:\users\admin\source\repos\!gamedev\sdlpop\src\sdl2\x64\debug\sdl_winrtmouse.obj
c:\users\admin\source\repos\!gamedev\sdlpop\src\sdl2\x64\debug\sdl_wasapi_winrt.obj
c:\users\admin\source\repos\!gamedev\sdlpop\src\sdl2\x64\debug\sdl_sysfilesystem.obj
c:\users\admin\source\repos\!gamedev\sdlpop\src\sdl2\x64\debug\sdl_winrtevents.obj
c:\users\admin\source\repos\!gamedev\sdlpop\src\sdl2\x64\debug\sdl_winrtgamebar.obj
c:\users\admin\source\repos\!gamedev\sdlpop\src\sdl2\x64\debug\sdl_winrtmessagebox.obj
c:\users\admin\source\repos\!gamedev\sdlpop\src\sdl2\x64\debug\sdl_winrtopengles.obj
c:\users\admin\source\repos\!gamedev\sdlpop\src\sdl2\x64\debug\sdl_winrtpointerinput.obj
c:\users\admin\source\repos\!gamedev\sdlpop\src\sdl2\x64\debug\sdl_winrtvideo.obj
c:\users\admin\source\repos\!gamedev\sdlpop\src\sdl2\x64\debug\sdl_atomic.obj
c:\users\admin\source\repos\!gamedev\sdlpop\src\sdl2\x64\debug\sdl_diskaudio.obj
c:\users\admin\source\repos\!gamedev\sdlpop\src\sdl2\x64\debug\sdl_dummyaudio.obj
c:\users\admin\source\repos\!gamedev\sdlpop\src\sdl2\x64\debug\sdl_audio.obj
c:\users\admin\source\repos\!gamedev\sdlpop\src\sdl2\x64\debug\sdl_mixer.obj
c:\users\admin\source\repos\!gamedev\sdlpop\src\sdl2\x64\debug\sdl_wasapi.obj
c:\users\admin\source\repos\!gamedev\sdlpop\src\sdl2\x64\debug\sdl_xinput.obj
c:\users\admin\source\repos\!gamedev\sdlpop\src\sdl2\x64\debug\sdl_dynapi.obj
c:\users\admin\source\repos\!gamedev\sdlpop\src\sdl2\x64\debug\sdl_clipboardevents.obj
c:\users\admin\source\repos\!gamedev\sdlpop\src\sdl2\x64\debug\sdl_dropevents.obj
c:\users\admin\source\repos\!gamedev\sdlpop\src\sdl2\x64\debug\sdl_gesture.obj
c:\users\admin\source\repos\!gamedev\sdlpop\src\sdl2\x64\debug\sdl_keyboard.obj
c:\users\admin\source\repos\!gamedev\sdlpop\src\sdl2\x64\debug\sdl_mouse.obj
c:\users\admin\source\repos\!gamedev\sdlpop\src\sdl2\x64\debug\sdl_touch.obj
c:\users\admin\source\repos\!gamedev\sdlpop\src\sdl2\x64\debug\sdl_rwops.obj
c:\users\admin\source\repos\!gamedev\sdlpop\src\sdl2\x64\debug\sdl_dinputhaptic.obj
c:\users\admin\source\repos\!gamedev\sdlpop\src\sdl2\x64\debug\sdl_windowshaptic.obj
c:\users\admin\source\repos\!gamedev\sdlpop\src\sdl2\x64\debug\sdl_joystick.obj
c:\users\admin\source\repos\!gamedev\sdlpop\src\sdl2\x64\debug\sdl_windowsjoystick.obj
c:\users\admin\source\repos\!gamedev\sdlpop\src\sdl2\x64\debug\sdl_sysloadso.obj
c:\users\admin\source\repos\!gamedev\sdlpop\src\sdl2\x64\debug\sdl_shaders_d3d11.obj
c:\users\admin\source\repos\!gamedev\sdlpop\src\sdl2\x64\debug\sdl_shaders_gles2.obj
c:\users\admin\source\repos\!gamedev\sdlpop\src\sdl2\x64\debug\sdl_yuv_sw.obj
c:\users\admin\source\repos\!gamedev\sdlpop\src\sdl2\x64\debug\sdl_blendfillrect.obj
c:\users\admin\source\repos\!gamedev\sdlpop\src\sdl2\x64\debug\sdl_blendpoint.obj
c:\users\admin\source\repos\!gamedev\sdlpop\src\sdl2\x64\debug\sdl_drawpoint.obj
c:\users\admin\source\repos\!gamedev\sdlpop\src\sdl2\x64\debug\sdl_rotate.obj
c:\users\admin\source\repos\!gamedev\sdlpop\src\sdl2\x64\debug\sdl_assert.obj
c:\users\admin\source\repos\!gamedev\sdlpop\src\sdl2\x64\debug\sdl_error.obj
c:\users\admin\source\repos\!gamedev\sdlpop\src\sdl2\x64\debug\sdl_log.obj
c:\users\admin\source\repos\!gamedev\sdlpop\src\sdl2\x64\debug\sdl_getenv.obj
c:\users\admin\source\repos\!gamedev\sdlpop\src\sdl2\x64\debug\sdl_malloc.obj
c:\users\admin\source\repos\!gamedev\sdlpop\src\sdl2\x64\debug\sdl_stdlib.obj
c:\users\admin\source\repos\!gamedev\sdlpop\src\sdl2\x64\debug\sdl_strtokr.obj
c:\users\admin\source\repos\!gamedev\sdlpop\src\sdl2\x64\debug\sdl_syssem.obj
c:\users\admin\source\repos\!gamedev\sdlpop\src\sdl2\x64\debug\sdl_timer.obj
c:\users\admin\source\repos\!gamedev\sdlpop\src\sdl2\x64\debug\sdl_nullevents.obj
c:\users\admin\source\repos\!gamedev\sdlpop\src\sdl2\x64\debug\sdl_nullframebuffer.obj
c:\users\admin\source\repos\!gamedev\sdlpop\src\sdl2\x64\debug\sdl_nullvideo.obj
c:\users\admin\source\repos\!gamedev\sdlpop\src\sdl2\x64\debug\sdl_blit_0.obj
c:\users\admin\source\repos\!gamedev\sdlpop\src\sdl2\x64\debug\sdl_blit_a.obj
c:\users\admin\source\repos\!gamedev\sdlpop\src\sdl2\x64\debug\sdl_blit_copy.obj
c:\users\admin\source\repos\!gamedev\sdlpop\src\sdl2\x64\debug\sdl_blit_slow.obj
c:\users\admin\source\repos\!gamedev\sdlpop\src\sdl2\x64\debug\sdl_bmp.obj
c:\users\admin\source\repos\!gamedev\sdlpop\src\sdl2\x64\debug\sdl_fillrect.obj
c:\users\admin\source\repos\!gamedev\sdlpop\src\sdl2\x64\debug\sdl_pixels.obj
c:\users\admin\source\repos\!gamedev\sdlpop\src\sdl2\x64\debug\sdl_rect.obj
c:\users\admin\source\repos\!gamedev\sdlpop\src\sdl2\x64\debug\sdl_shape.obj
c:\users\admin\source\repos\!gamedev\sdlpop\src\sdl2\x64\debug\sdl_surface.obj
c:\users\admin\source\repos\!gamedev\sdlpop\src\sdl2\x64\debug\sdl_yuv.obj
c:\users\admin\source\repos\!gamedev\sdlpop\src\sdl2\x64\debug\yuv_rgb.obj
c:\users\admin\source\repos\!gamedev\sdlpop\src\sdl2\x64\debug\sdl_spinlock.obj
c:\users\admin\source\repos\!gamedev\sdlpop\src\sdl2\x64\debug\sdl_audiocvt.obj
c:\users\admin\source\repos\!gamedev\sdlpop\src\sdl2\x64\debug\sdl_audiodev.obj
c:\users\admin\source\repos\!gamedev\sdlpop\src\sdl2\x64\debug\sdl_audiotypecvt.obj
c:\users\admin\source\repos\!gamedev\sdlpop\src\sdl2\x64\debug\sdl_wave.obj
c:\users\admin\source\repos\!gamedev\sdlpop\src\sdl2\x64\debug\sdl_windows.obj
c:\users\admin\source\repos\!gamedev\sdlpop\src\sdl2\x64\debug\sdl_cpuinfo.obj
c:\users\admin\source\repos\!gamedev\sdlpop\src\sdl2\x64\debug\sdl_displayevents.obj
c:\users\admin\source\repos\!gamedev\sdlpop\src\sdl2\x64\debug\sdl_events.obj
c:\users\admin\source\repos\!gamedev\sdlpop\src\sdl2\x64\debug\sdl_quit.obj
c:\users\admin\source\repos\!gamedev\sdlpop\src\sdl2\x64\debug\sdl_windowevents.obj
c:\users\admin\source\repos\!gamedev\sdlpop\src\sdl2\x64\debug\sdl_syshaptic.obj
c:\users\admin\source\repos\!gamedev\sdlpop\src\sdl2\x64\debug\sdl_haptic.obj
c:\users\admin\source\repos\!gamedev\sdlpop\src\sdl2\x64\debug\sdl_xinputhaptic.obj
c:\users\admin\source\repos\!gamedev\sdlpop\src\sdl2\x64\debug\sdl_sysjoystick.obj
c:\users\admin\source\repos\!gamedev\sdlpop\src\sdl2\x64\debug\sdl_gamecontroller.obj
c:\users\admin\source\repos\!gamedev\sdlpop\src\sdl2\x64\debug\sdl_dinputjoystick.obj
c:\users\admin\source\repos\!gamedev\sdlpop\src\sdl2\x64\debug\sdl_xinputjoystick.obj
c:\users\admin\source\repos\!gamedev\sdlpop\src\sdl2\x64\debug\sdl_power.obj
c:\users\admin\source\repos\!gamedev\sdlpop\src\sdl2\x64\debug\sdl_render_d3d11.obj
c:\users\admin\source\repos\!gamedev\sdlpop\src\sdl2\x64\debug\sdl_render_gles2.obj
c:\users\admin\source\repos\!gamedev\sdlpop\src\sdl2\x64\debug\sdl_d3dmath.obj
c:\users\admin\source\repos\!gamedev\sdlpop\src\sdl2\x64\debug\sdl_render.obj
c:\users\admin\source\repos\!gamedev\sdlpop\src\sdl2\x64\debug\sdl_blendline.obj
c:\users\admin\source\repos\!gamedev\sdlpop\src\sdl2\x64\debug\sdl_drawline.obj
c:\users\admin\source\repos\!gamedev\sdlpop\src\sdl2\x64\debug\sdl_render_sw.obj
c:\users\admin\source\repos\!gamedev\sdlpop\src\sdl2\x64\debug\sdl.obj
c:\users\admin\source\repos\!gamedev\sdlpop\src\sdl2\x64\debug\sdl_dataqueue.obj
c:\users\admin\source\repos\!gamedev\sdlpop\src\sdl2\x64\debug\sdl_hints.obj
c:\users\admin\source\repos\!gamedev\sdlpop\src\sdl2\x64\debug\sdl_dummysensor.obj
c:\users\admin\source\repos\!gamedev\sdlpop\src\sdl2\x64\debug\sdl_sensor.obj
c:\users\admin\source\repos\!gamedev\sdlpop\src\sdl2\x64\debug\sdl_iconv.obj
c:\users\admin\source\repos\!gamedev\sdlpop\src\sdl2\x64\debug\sdl_qsort.obj
c:\users\admin\source\repos\!gamedev\sdlpop\src\sdl2\x64\debug\sdl_string.obj
c:\users\admin\source\repos\!gamedev\sdlpop\src\sdl2\x64\debug\sdl_thread.obj
c:\users\admin\source\repos\!gamedev\sdlpop\src\sdl2\x64\debug\sdl_systimer.obj
c:\users\admin\source\repos\!gamedev\sdlpop\src\sdl2\x64\debug\sdl_blit.obj
c:\users\admin\source\repos\!gamedev\sdlpop\src\sdl2\x64\debug\sdl_blit_1.obj
c:\users\admin\source\repos\!gamedev\sdlpop\src\sdl2\x64\debug\sdl_blit_auto.obj
c:\users\admin\source\repos\!gamedev\sdlpop\src\sdl2\x64\debug\sdl_blit_n.obj
c:\users\admin\source\repos\!gamedev\sdlpop\src\sdl2\x64\debug\sdl_clipboard.obj
c:\users\admin\source\repos\!gamedev\sdlpop\src\sdl2\x64\debug\sdl_egl.obj
c:\users\admin\source\repos\!gamedev\sdlpop\src\sdl2\x64\debug\sdl_rleaccel.obj
c:\users\admin\source\repos\!gamedev\sdlpop\src\sdl2\x64\debug\sdl_stretch.obj
c:\users\admin\source\repos\!gamedev\sdlpop\src\sdl2\x64\debug\sdl_video.obj
c:\users\admin\source\repos\!gamedev\sdlpop\src\sdl2\x64\debug\vc143.pdb
c:\users\admin\source\repos\!gamedev\sdlpop\src\sdl2\x64\debug\sdl_syscond.obj
c:\users\admin\source\repos\!gamedev\sdlpop\src\sdl2\x64\debug\sdl_systhread.obj
c:\users\admin\source\repos\!gamedev\sdlpop\src\sdl2\x64\debug\sdl_syspower.obj
c:\users\admin\source\repos\!gamedev\sdlpop\src\sdl2\x64\debug\sdl_sysmutex.obj
c:\users\admin\source\repos\!gamedev\sdlpop\src\x64\debug\sdl-uwp\sdl2.dll
c:\users\admin\source\repos\!gamedev\sdlpop\src\x64\debug\sdl-uwp\sdl2.pdb
c:\users\admin\source\repos\!gamedev\sdlpop\src\sdl2\x64\debug\sdl-uwp.vcxproj.assemblyreference.cache
c:\users\admin\source\repos\!gamedev\sdlpop\src\sdl2\x64\debug\priconfig.xml
c:\users\admin\source\repos\!gamedev\sdlpop\src\sdl2\x64\debug\priconfig.xml.intermediate
c:\users\admin\source\repos\!gamedev\sdlpop\src\sdl2\x64\debug\unfiltered.layout.resfiles
c:\users\admin\source\repos\!gamedev\sdlpop\src\sdl2\x64\debug\unfiltered.layout.resfiles.intermediate
c:\users\admin\source\repos\!gamedev\sdlpop\src\sdl2\x64\debug\filtered.layout.resfiles
c:\users\admin\source\repos\!gamedev\sdlpop\src\sdl2\x64\debug\filtered.layout.resfiles.intermediate
c:\users\admin\source\repos\!gamedev\sdlpop\src\sdl2\x64\debug\excluded.layout.resfiles
c:\users\admin\source\repos\!gamedev\sdlpop\src\sdl2\x64\debug\excluded.layout.resfiles.intermediate
c:\users\admin\source\repos\!gamedev\sdlpop\src\sdl2\x64\debug\resources.resfiles
c:\users\admin\source\repos\!gamedev\sdlpop\src\sdl2\x64\debug\resources.resfiles.intermediate
c:\users\admin\source\repos\!gamedev\sdlpop\src\sdl2\x64\debug\pri.resfiles
c:\users\admin\source\repos\!gamedev\sdlpop\src\sdl2\x64\debug\pri.resfiles.intermediate
c:\users\admin\source\repos\!gamedev\sdlpop\src\x64\debug\sdl-uwp\sdl2.pri
c:\users\admin\source\repos\!gamedev\sdlpop\src\sdl2\x64\debug\qualifiers.txt
c:\users\admin\source\repos\!gamedev\sdlpop\src\sdl2\x64\debug\qualifiers.txt.intermediate
c:\users\admin\source\repos\!gamedev\sdlpop\src\sdl2\x64\debug\multiplequalifiersperdimensionfound.txt
c:\users\admin\source\repos\!gamedev\sdlpop\src\x64\debug\sdl-uwp\sdl2.lib
c:\users\admin\source\repos\!gamedev\sdlpop\src\x64\debug\sdl-uwp\sdl2.exp
c:\users\admin\source\repos\!gamedev\sdlpop\src\sdl2\x64\debug\sdl2.ilk
c:\users\admin\source\repos\!gamedev\sdlpop\src\sdl2\x64\debug\vc143.idb
c:\users\admin\source\repos\!gamedev\sdlpop\src\sdl2\x64\debug\sdl2-uwp.tlog\cl.1516.write.1.tlog
c:\users\admin\source\repos\!gamedev\sdlpop\src\sdl2\x64\debug\sdl2-uwp.tlog\cl.command.1.tlog
c:\users\admin\source\repos\!gamedev\sdlpop\src\sdl2\x64\debug\sdl2-uwp.tlog\cl.items.tlog
c:\users\admin\source\repos\!gamedev\sdlpop\src\sdl2\x64\debug\sdl2-uwp.tlog\cl.read.1.tlog
c:\users\admin\source\repos\!gamedev\sdlpop\src\sdl2\x64\debug\sdl2-uwp.tlog\link.command.1.tlog
c:\users\admin\source\repos\!gamedev\sdlpop\src\sdl2\x64\debug\sdl2-uwp.tlog\link.read.1.tlog
c:\users\admin\source\repos\!gamedev\sdlpop\src\sdl2\x64\debug\sdl2-uwp.tlog\link.secondary.1.tlog
c:\users\admin\source\repos\!gamedev\sdlpop\src\sdl2\x64\debug\sdl2-uwp.tlog\link.write.1.tlog
c:\users\admin\source\repos\!gamedev\sdlpop\src\sdl2\x64\debug\sdl2-uwp.tlog\sdl2-uwp.read.1u.tlog
c:\users\admin\source\repos\!gamedev\sdlpop\src\sdl2\x64\debug\sdl2-uwp.tlog\sdl2-uwp.write.1u.tlog
