c:\users\admin\source\repos\!gamedev\sdlpop\src\objs\sdl2_image-uwp\x64\debug\img_bmp.obj
c:\users\admin\source\repos\!gamedev\sdlpop\src\objs\sdl2_image-uwp\x64\debug\img_gif.obj
c:\users\admin\source\repos\!gamedev\sdlpop\src\objs\sdl2_image-uwp\x64\debug\img_pcx.obj
c:\users\admin\source\repos\!gamedev\sdlpop\src\objs\sdl2_image-uwp\x64\debug\img_pnm.obj
c:\users\admin\source\repos\!gamedev\sdlpop\src\objs\sdl2_image-uwp\x64\debug\img_tga.obj
c:\users\admin\source\repos\!gamedev\sdlpop\src\objs\sdl2_image-uwp\x64\debug\img_webp.obj
c:\users\admin\source\repos\!gamedev\sdlpop\src\objs\sdl2_image-uwp\x64\debug\img_xpm.obj
c:\users\admin\source\repos\!gamedev\sdlpop\src\objs\sdl2_image-uwp\x64\debug\img_xxx.obj
c:\users\admin\source\repos\!gamedev\sdlpop\src\objs\sdl2_image-uwp\x64\debug\img.obj
c:\users\admin\source\repos\!gamedev\sdlpop\src\objs\sdl2_image-uwp\x64\debug\img_jpg.obj
c:\users\admin\source\repos\!gamedev\sdlpop\src\objs\sdl2_image-uwp\x64\debug\img_lbm.obj
c:\users\admin\source\repos\!gamedev\sdlpop\src\objs\sdl2_image-uwp\x64\debug\img_png.obj
c:\users\admin\source\repos\!gamedev\sdlpop\src\objs\sdl2_image-uwp\x64\debug\img_tif.obj
c:\users\admin\source\repos\!gamedev\sdlpop\src\objs\sdl2_image-uwp\x64\debug\img_xcf.obj
c:\users\admin\source\repos\!gamedev\sdlpop\src\objs\sdl2_image-uwp\x64\debug\img_xv.obj
c:\users\admin\source\repos\!gamedev\sdlpop\src\objs\sdl2_image-uwp\x64\debug\vc143.pdb
c:\users\admin\source\repos\!gamedev\sdlpop\src\output\sdl2_image-uwp\x64\debug\sdl_image-uwp\sdl2_image.dll
c:\users\admin\source\repos\!gamedev\sdlpop\src\output\sdl2_image-uwp\x64\debug\sdl_image-uwp\sdl2_image.pdb
c:\users\admin\source\repos\!gamedev\sdlpop\src\objs\sdl2_image-uwp\x64\debug\priconfig.xml
c:\users\admin\source\repos\!gamedev\sdlpop\src\objs\sdl2_image-uwp\x64\debug\priconfig.xml.intermediate
c:\users\admin\source\repos\!gamedev\sdlpop\src\objs\sdl2_image-uwp\x64\debug\unfiltered.layout.resfiles
c:\users\admin\source\repos\!gamedev\sdlpop\src\objs\sdl2_image-uwp\x64\debug\unfiltered.layout.resfiles.intermediate
c:\users\admin\source\repos\!gamedev\sdlpop\src\objs\sdl2_image-uwp\x64\debug\filtered.layout.resfiles
c:\users\admin\source\repos\!gamedev\sdlpop\src\objs\sdl2_image-uwp\x64\debug\filtered.layout.resfiles.intermediate
c:\users\admin\source\repos\!gamedev\sdlpop\src\objs\sdl2_image-uwp\x64\debug\excluded.layout.resfiles
c:\users\admin\source\repos\!gamedev\sdlpop\src\objs\sdl2_image-uwp\x64\debug\excluded.layout.resfiles.intermediate
c:\users\admin\source\repos\!gamedev\sdlpop\src\objs\sdl2_image-uwp\x64\debug\resources.resfiles
c:\users\admin\source\repos\!gamedev\sdlpop\src\objs\sdl2_image-uwp\x64\debug\resources.resfiles.intermediate
c:\users\admin\source\repos\!gamedev\sdlpop\src\objs\sdl2_image-uwp\x64\debug\pri.resfiles
c:\users\admin\source\repos\!gamedev\sdlpop\src\objs\sdl2_image-uwp\x64\debug\pri.resfiles.intermediate
c:\users\admin\source\repos\!gamedev\sdlpop\src\output\sdl2_image-uwp\x64\debug\sdl_image-uwp\sdl2_image_uwp.pri
c:\users\admin\source\repos\!gamedev\sdlpop\src\objs\sdl2_image-uwp\x64\debug\qualifiers.txt
c:\users\admin\source\repos\!gamedev\sdlpop\src\objs\sdl2_image-uwp\x64\debug\qualifiers.txt.intermediate
c:\users\admin\source\repos\!gamedev\sdlpop\src\objs\sdl2_image-uwp\x64\debug\multiplequalifiersperdimensionfound.txt
c:\users\admin\source\repos\!gamedev\sdlpop\src\output\sdl2_image-uwp\x64\debug\sdl_image-uwp\sdl2_image.lib
c:\users\admin\source\repos\!gamedev\sdlpop\src\output\sdl2_image-uwp\x64\debug\sdl_image-uwp\sdl2_image.exp
c:\users\admin\source\repos\!gamedev\sdlpop\src\objs\sdl2_image-uwp\x64\debug\sdl2_image.ilk
c:\users\admin\source\repos\!gamedev\sdlpop\src\objs\sdl2_image-uwp\x64\debug\vc143.idb
c:\users\admin\source\repos\!gamedev\sdlpop\src\objs\sdl2_image-uwp\x64\debug\sdl_image-uwp.vcxproj.filelistabsolute.txt
c:\users\admin\source\repos\!gamedev\sdlpop\src\objs\sdl2_image-uwp\x64\debug\sdl2_image-uwp.tlog\cl.1716.write.1.tlog
c:\users\admin\source\repos\!gamedev\sdlpop\src\objs\sdl2_image-uwp\x64\debug\sdl2_image-uwp.tlog\cl.command.1.tlog
c:\users\admin\source\repos\!gamedev\sdlpop\src\objs\sdl2_image-uwp\x64\debug\sdl2_image-uwp.tlog\cl.items.tlog
c:\users\admin\source\repos\!gamedev\sdlpop\src\objs\sdl2_image-uwp\x64\debug\sdl2_image-uwp.tlog\cl.read.1.tlog
c:\users\admin\source\repos\!gamedev\sdlpop\src\objs\sdl2_image-uwp\x64\debug\sdl2_image-uwp.tlog\link.command.1.tlog
c:\users\admin\source\repos\!gamedev\sdlpop\src\objs\sdl2_image-uwp\x64\debug\sdl2_image-uwp.tlog\link.read.1.tlog
c:\users\admin\source\repos\!gamedev\sdlpop\src\objs\sdl2_image-uwp\x64\debug\sdl2_image-uwp.tlog\link.secondary.1.tlog
c:\users\admin\source\repos\!gamedev\sdlpop\src\objs\sdl2_image-uwp\x64\debug\sdl2_image-uwp.tlog\link.write.1.tlog
c:\users\admin\source\repos\!gamedev\sdlpop\src\objs\sdl2_image-uwp\x64\debug\sdl2_image-uwp.tlog\sdl2_image-uwp.read.1u.tlog
c:\users\admin\source\repos\!gamedev\sdlpop\src\objs\sdl2_image-uwp\x64\debug\sdl2_image-uwp.tlog\sdl2_image-uwp.write.1u.tlog
