  IMG.c
  IMG_bmp.c
  IMG_gif.c
  IMG_jpg.c
  IMG_lbm.c
  IMG_pcx.c
  IMG_png.c
  IMG_pnm.c
C:\Users\Admin\source\repos\!GameDev\SDLPoP\Src\SDL2_image\IMG_png.c(276,26): warning C4113: 'png_uint_32 (__cdecl *)(png_const_structrp,png_inforp,png_colorp *,int *)' differs in parameter lists from 'png_uint_32 (__cdecl *)(png_const_structrp,png_infop,png_colorp *,int *)'
C:\Users\Admin\source\repos\!GameDev\SDLPoP\Src\SDL2_image\IMG_png.c(277,26): warning C4113: 'png_uint_32 (__cdecl *)(png_const_structrp,png_inforp,png_bytep *,int *,png_color_16p *)' differs in parameter lists from 'png_uint_32 (__cdecl *)(png_const_structrp,png_infop,png_bytep *,int *,png_color_16p *)'
C:\Users\Admin\source\repos\!GameDev\SDLPoP\Src\SDL2_image\IMG_png.c(279,28): warning C4113: 'void (__cdecl *)(png_structrp,png_bytepp)' differs in parameter lists from 'void (__cdecl *)(png_structp,png_bytepp)'
C:\Users\Admin\source\repos\!GameDev\SDLPoP\Src\SDL2_image\IMG_png.c(280,27): warning C4113: 'void (__cdecl *)(png_structrp,png_inforp)' differs in parameter lists from 'void (__cdecl *)(png_structp,png_infop)'
C:\Users\Admin\source\repos\!GameDev\SDLPoP\Src\SDL2_image\IMG_png.c(281,34): warning C4113: 'void (__cdecl *)(png_structrp,png_inforp)' differs in parameter lists from 'void (__cdecl *)(png_structp,png_infop)'
C:\Users\Admin\source\repos\!GameDev\SDLPoP\Src\SDL2_image\IMG_png.c(282,28): warning C4113: 'void (__cdecl *)(png_structrp)' differs in parameter lists from 'void (__cdecl *)(png_structp)'
C:\Users\Admin\source\repos\!GameDev\SDLPoP\Src\SDL2_image\IMG_png.c(283,33): warning C4113: 'void (__cdecl *)(png_structrp)' differs in parameter lists from 'void (__cdecl *)(png_structp)'
  IMG_tga.c
C:\Users\Admin\source\repos\!GameDev\SDLPoP\Src\SDL2_image\IMG_png.c(284,29): warning C4113: 'void (__cdecl *)(png_structrp)' differs in parameter lists from 'void (__cdecl *)(png_structp)'
C:\Users\Admin\source\repos\!GameDev\SDLPoP\Src\SDL2_image\IMG_png.c(285,29): warning C4113: 'void (__cdecl *)(png_structrp,png_voidp,png_rw_ptr)' differs in parameter lists from 'void (__cdecl *)(png_structp,png_voidp,png_rw_ptr)'
C:\Users\Admin\source\repos\!GameDev\SDLPoP\Src\SDL2_image\IMG_png.c(286,30): warning C4113: 'void (__cdecl *)(png_structrp)' differs in parameter lists from 'void (__cdecl *)(png_structp)'
C:\Users\Admin\source\repos\!GameDev\SDLPoP\Src\SDL2_image\IMG_png.c(289,32): warning C4113: 'jmp_buf (*(__cdecl *)(png_structrp,png_longjmp_ptr,size_t))' differs in parameter lists from 'jmp_buf (*(__cdecl *)(png_structp,png_longjmp_ptr,size_t))'
  IMG_tif.c
  IMG_webp.c
  IMG_xcf.c
  IMG_xpm.c
  IMG_xv.c
  IMG_xxx.c
     Creating library C:\Users\Admin\source\repos\!GameDev\SDLPoP\Src\Output\SDL2_image-UWP\x64\Debug\SDL_image-UWP\SDL2_image.lib and object C:\Users\Admin\source\repos\!GameDev\SDLPoP\Src\Output\SDL2_image-UWP\x64\Debug\SDL_image-UWP\SDL2_image.exp
  SDL_image-UWP.vcxproj -> C:\Users\Admin\source\repos\!GameDev\SDLPoP\Src\Output\SDL2_image-UWP\x64\Debug\SDL_image-UWP\SDL2_image.dll
